=== RUN   TestAtlas_LazySlice
    atlas_test.go:50: frame 5 pixel mismatch: sheet=215 atlas=0
--- FAIL: TestAtlas_LazySlice (0.00s)
=== RUN   TestAtlas_ScaledCached
--- PASS: TestAtlas_ScaledCached (0.00s)
=== RUN   TestAtlas_OutOfRange
--- PASS: TestAtlas_OutOfRange (0.00s)
=== RUN   TestAtlas_InvalidLayout
--- PASS: TestAtlas_InvalidLayout (0.00s)
=== RUN   TestDebugger_RecordsEvents
--- PASS: TestDebugger_RecordsEvents (0.00s)
=== RUN   TestDebugger_RingBufferOverflow
--- PASS: TestDebugger_RingBufferOverflow (0.00s)
=== RUN   TestDebugger_RecordIntent
--- PASS: TestDebugger_RecordIntent (0.00s)
=== RUN   TestIntegration_DecisionToStatePipeline
--- PASS: TestIntegration_DecisionToStatePipeline (0.00s)
=== RUN   TestIntegration_PetManagerLifecycle
2026/07/12 21:50:13 [Pet][Manager] registered pet "nezuko" (total=1)
2026/07/12 21:50:13 [Pet][Manager] registered pet "codex" (total=2)
2026/07/12 21:50:13 [Pet][Manager] register rejected: petID "nezuko" already exists
2026/07/12 21:50:13 [Pet][Manager] stopped pet "nezuko" (remaining=1)
2026/07/12 21:50:13 [Pet][Manager] stopped pet "codex"
2026/07/12 21:50:13 [Pet][Manager] all pets stopped (count=1)
    integration_test.go:127: codex should be stopped by StopAll
--- FAIL: TestIntegration_PetManagerLifecycle (0.01s)
=== RUN   TestIntegration_PluginAndDebugger
2026/07/12 21:50:13 [Pet][Plugin] registered: watcher
2026/07/12 21:50:13 [Pet][Plugin] started 1 plugin(s)
2026/07/12 21:50:13 [Pet][Plugin] all plugins stopped
--- PASS: TestIntegration_PluginAndDebugger (0.00s)
=== RUN   TestRegression_EngineStateMachine
--- PASS: TestRegression_EngineStateMachine (0.00s)
=== RUN   TestRegression_PetManagerStress
2026/07/12 21:50:13 [Pet][Manager] registered pet "pet-1" (total=1)
2026/07/12 21:50:13 [Pet][Manager] registered pet "pet-12" (total=2)
2026/07/12 21:50:13 [Pet][Manager] registered pet "pet-2" (total=3)
2026/07/12 21:50:13 [Pet][Manager] registered pet "pet-3" (total=4)
2026/07/12 21:50:13 [Pet][Manager] registered pet "pet-4" (total=5)
2026/07/12 21:50:13 [Pet][Manager] registered pet "pet-5" (total=6)
2026/07/12 21:50:13 [Pet][Manager] registered pet "pet-6" (total=7)
2026/07/12 21:50:13 [Pet][Manager] registered pet "pet-7" (total=8)
2026/07/12 21:50:13 [Pet][Manager] registered pet "pet-8" (total=9)
2026/07/12 21:50:13 [Pet][Manager] registered pet "pet-9" (total=10)
2026/07/12 21:50:13 [Pet][Manager] registered pet "pet-10" (total=11)
2026/07/12 21:50:13 [Pet][Manager] registered pet "pet-11" (total=12)
2026/07/12 21:50:13 [Pet][Manager] registered pet "pet-25" (total=13)
2026/07/12 21:50:13 [Pet][Manager] registered pet "pet-13" (total=14)
2026/07/12 21:50:13 [Pet][Manager] registered pet "pet-14" (total=15)
2026/07/12 21:50:13 [Pet][Manager] registered pet "pet-0" (total=16)
2026/07/12 21:50:13 [Pet][Manager] registered pet "pet-35" (total=17)
2026/07/12 21:50:13 [Pet][Manager] registered pet "pet-15" (total=18)
2026/07/12 21:50:13 [Pet][Manager] registered pet "pet-16" (total=19)
2026/07/12 21:50:13 [Pet][Manager] registered pet "pet-17" (total=20)
2026/07/12 21:50:13 [Pet][Manager] registered pet "pet-38" (total=21)
2026/07/12 21:50:13 [Pet][Manager] registered pet "pet-39" (total=22)
2026/07/12 21:50:13 [Pet][Manager] registered pet "pet-50" (total=23)
2026/07/12 21:50:13 [Pet][Manager] registered pet "pet-42" (total=24)
2026/07/12 21:50:13 [Pet][Manager] registered pet "pet-48" (total=25)
2026/07/12 21:50:13 [Pet][Manager] registered pet "pet-49" (total=26)
2026/07/12 21:50:13 [Pet][Manager] registered pet "pet-18" (total=27)
2026/07/12 21:50:13 [Pet][Manager] registered pet "pet-54" (total=28)
2026/07/12 21:50:13 [Pet][Manager] registered pet "pet-55" (total=29)
2026/07/12 21:50:13 [Pet][Manager] registered pet "pet-64" (total=30)
2026/07/12 21:50:13 [Pet][Manager] registered pet "pet-61" (total=31)
2026/07/12 21:50:13 [Pet][Manager] registered pet "pet-68" (total=32)
2026/07/12 21:50:13 [Pet][Manager] registered pet "pet-67" (total=33)
2026/07/12 21:50:13 [Pet][Manager] registered pet "pet-69" (total=34)
2026/07/12 21:50:13 [Pet][Manager] registered pet "pet-65" (total=35)
2026/07/12 21:50:13 [Pet][Manager] registered pet "pet-70" (total=36)
2026/07/12 21:50:13 [Pet][Manager] registered pet "pet-71" (total=37)
2026/07/12 21:50:13 [Pet][Manager] registered pet "pet-20" (total=38)
2026/07/12 21:50:13 [Pet][Manager] registered pet "pet-21" (total=39)
2026/07/12 21:50:13 [Pet][Manager] registered pet "pet-22" (total=40)
2026/07/12 21:50:13 [Pet][Manager] registered pet "pet-23" (total=41)
2026/07/12 21:50:13 [Pet][Manager] registered pet "pet-24" (total=42)
2026/07/12 21:50:13 [Pet][Manager] registered pet "pet-36" (total=43)
2026/07/12 21:50:13 [Pet][Manager] registered pet "pet-26" (total=44)
2026/07/12 21:50:13 [Pet][Manager] registered pet "pet-27" (total=45)
2026/07/12 21:50:13 [Pet][Manager] registered pet "pet-28" (total=46)
2026/07/12 21:50:13 [Pet][Manager] registered pet "pet-29" (total=47)
2026/07/12 21:50:13 [Pet][Manager] registered pet "pet-30" (total=48)
2026/07/12 21:50:13 [Pet][Manager] registered pet "pet-31" (total=49)
2026/07/12 21:50:13 [Pet][Manager] registered pet "pet-32" (total=50)
2026/07/12 21:50:13 [Pet][Manager] registered pet "pet-33" (total=51)
2026/07/12 21:50:13 [Pet][Manager] registered pet "pet-34" (total=52)
2026/07/12 21:50:13 [Pet][Manager] registered pet "pet-43" (total=53)
2026/07/12 21:50:13 [Pet][Manager] registered pet "pet-37" (total=54)
2026/07/12 21:50:13 [Pet][Manager] registered pet "pet-40" (total=55)
2026/07/12 21:50:13 [Pet][Manager] registered pet "pet-41" (total=56)
2026/07/12 21:50:13 [Pet][Manager] registered pet "pet-44" (total=57)
2026/07/12 21:50:13 [Pet][Manager] registered pet "pet-45" (total=58)
2026/07/12 21:50:13 [Pet][Manager] registered pet "pet-46" (total=59)
2026/07/12 21:50:13 [Pet][Manager] registered pet "pet-47" (total=60)
2026/07/12 21:50:13 [Pet][Manager] registered pet "pet-56" (total=61)
2026/07/12 21:50:13 [Pet][Manager] registered pet "pet-51" (total=62)
2026/07/12 21:50:13 [Pet][Manager] registered pet "pet-52" (total=63)
2026/07/12 21:50:13 [Pet][Manager] registered pet "pet-53" (total=64)
2026/07/12 21:50:13 [Pet][Manager] registered pet "pet-19" (total=65)
2026/07/12 21:50:13 [Pet][Manager] registered pet "pet-59" (total=66)
2026/07/12 21:50:13 [Pet][Manager] registered pet "pet-84" (total=67)
2026/07/12 21:50:13 [Pet][Manager] registered pet "pet-66" (total=68)
2026/07/12 21:50:13 [Pet][Manager] registered pet "pet-57" (total=69)
2026/07/12 21:50:13 [Pet][Manager] registered pet "pet-58" (total=70)
2026/07/12 21:50:13 [Pet][Manager] registered pet "pet-62" (total=71)
2026/07/12 21:50:13 [Pet][Manager] registered pet "pet-60" (total=72)
2026/07/12 21:50:13 [Pet][Manager] registered pet "pet-63" (total=73)
2026/07/12 21:50:13 [Pet][Manager] registered pet "pet-72" (total=74)
2026/07/12 21:50:13 [Pet][Manager] registered pet "pet-73" (total=75)
2026/07/12 21:50:13 [Pet][Manager] registered pet "pet-74" (total=76)
2026/07/12 21:50:13 [Pet][Manager] registered pet "pet-75" (total=77)
2026/07/12 21:50:13 [Pet][Manager] registered pet "pet-76" (total=78)
2026/07/12 21:50:13 [Pet][Manager] registered pet "pet-77" (total=79)
2026/07/12 21:50:13 [Pet][Manager] registered pet "pet-78" (total=80)
2026/07/12 21:50:13 [Pet][Manager] registered pet "pet-99" (total=81)
2026/07/12 21:50:13 [Pet][Manager] registered pet "pet-79" (total=82)
2026/07/12 21:50:13 [Pet][Manager] registered pet "pet-85" (total=83)
2026/07/12 21:50:13 [Pet][Manager] registered pet "pet-80" (total=84)
2026/07/12 21:50:13 [Pet][Manager] registered pet "pet-86" (total=85)
2026/07/12 21:50:13 [Pet][Manager] registered pet "pet-87" (total=86)
2026/07/12 21:50:13 [Pet][Manager] registered pet "pet-88" (total=87)
2026/07/12 21:50:13 [Pet][Manager] registered pet "pet-89" (total=88)
2026/07/12 21:50:13 [Pet][Manager] registered pet "pet-90" (total=89)
2026/07/12 21:50:13 [Pet][Manager] registered pet "pet-91" (total=90)
2026/07/12 21:50:13 [Pet][Manager] registered pet "pet-92" (total=91)
2026/07/12 21:50:13 [Pet][Manager] registered pet "pet-81" (total=92)
2026/07/12 21:50:13 [Pet][Manager] registered pet "pet-93" (total=93)
2026/07/12 21:50:13 [Pet][Manager] registered pet "pet-82" (total=94)
2026/07/12 21:50:13 [Pet][Manager] registered pet "pet-94" (total=95)
2026/07/12 21:50:13 [Pet][Manager] registered pet "pet-95" (total=96)
2026/07/12 21:50:13 [Pet][Manager] registered pet "pet-96" (total=97)
2026/07/12 21:50:13 [Pet][Manager] registered pet "pet-97" (total=98)
2026/07/12 21:50:13 [Pet][Manager] registered pet "pet-83" (total=99)
2026/07/12 21:50:13 [Pet][Manager] registered pet "pet-98" (total=100)
2026/07/12 21:50:13 [Pet][Manager] stopped pet "pet-16" (remaining=99)
2026/07/12 21:50:13 [Pet][Manager] stopped pet "pet-1" (remaining=98)
2026/07/12 21:50:13 [Pet][Manager] stopped pet "pet-2" (remaining=97)
2026/07/12 21:50:13 [Pet][Manager] stopped pet "pet-3" (remaining=95)
2026/07/12 21:50:13 [Pet][Manager] stopped pet "pet-26" (remaining=95)
2026/07/12 21:50:13 [Pet][Manager] stopped pet "pet-36" (remaining=93)
2026/07/12 21:50:13 [Pet][Manager] stopped pet "pet-18" (remaining=93)
2026/07/12 21:50:13 [Pet][Manager] stopped pet "pet-37" (remaining=91)
2026/07/12 21:50:13 [Pet][Manager] stopped pet "pet-29" (remaining=90)
2026/07/12 21:50:13 [Pet][Manager] stopped pet "pet-19" (remaining=89)
2026/07/12 21:50:13 [Pet][Manager] stopped pet "pet-32" (remaining=88)
2026/07/12 21:50:13 [Pet][Manager] stopped pet "pet-20" (remaining=87)
2026/07/12 21:50:13 [Pet][Manager] stopped pet "pet-22" (remaining=85)
2026/07/12 21:50:13 [Pet][Manager] stopped pet "pet-17" (remaining=84)
2026/07/12 21:50:13 [Pet][Manager] stopped pet "pet-4" (remaining=83)
2026/07/12 21:50:13 [Pet][Manager] stopped pet "pet-21" (remaining=86)
2026/07/12 21:50:13 [Pet][Manager] stopped pet "pet-0" (remaining=92)
2026/07/12 21:50:13 [Pet][Manager] stopped pet "pet-31" (remaining=82)
2026/07/12 21:50:13 [Pet][Manager] stopped pet "pet-40" (remaining=75)
2026/07/12 21:50:13 [Pet][Manager] stopped pet "pet-9" (remaining=73)
2026/07/12 21:50:13 [Pet][Manager] stopped pet "pet-5" (remaining=81)
2026/07/12 21:50:13 [Pet][Manager] stopped pet "pet-10" (remaining=69)
2026/07/12 21:50:13 [Pet][Manager] stopped pet "pet-44" (remaining=68)
2026/07/12 21:50:13 [Pet][Manager] stopped pet "pet-23" (remaining=80)
2026/07/12 21:50:13 [Pet][Manager] stopped pet "pet-13" (remaining=63)
2026/07/12 21:50:13 [Pet][Manager] stopped pet "pet-62" (remaining=60)
2026/07/12 21:50:13 [Pet][Manager] stopped pet "pet-33" (remaining=66)
2026/07/12 21:50:13 [Pet][Manager] stopped pet "pet-15" (remaining=55)
2026/07/12 21:50:13 [Pet][Manager] stopped pet "pet-24" (remaining=79)
2026/07/12 21:50:13 [Pet][Manager] stopped pet "pet-6" (remaining=78)
2026/07/12 21:50:13 [Pet][Manager] stopped pet "pet-39" (remaining=77)
2026/07/12 21:50:13 [Pet][Manager] stopped pet "pet-61" (remaining=41)
2026/07/12 21:50:13 [Pet][Manager] stopped pet "pet-27" (remaining=40)
2026/07/12 21:50:13 [Pet][Manager] stopped pet "pet-83" (remaining=37)
2026/07/12 21:50:13 [Pet][Manager] stopped pet "pet-84" (remaining=35)
2026/07/12 21:50:13 [Pet][Manager] stopped pet "pet-81" (remaining=40)
2026/07/12 21:50:13 [Pet][Manager] stopped pet "pet-69" (remaining=30)
2026/07/12 21:50:13 [Pet][Manager] stopped pet "pet-99" (remaining=26)
2026/07/12 21:50:13 [Pet][Manager] stopped pet "pet-75" (remaining=24)
2026/07/12 21:50:13 [Pet][Manager] stopped pet "pet-73" (remaining=23)
2026/07/12 21:50:13 [Pet][Manager] stopped pet "pet-70" (remaining=39)
2026/07/12 21:50:13 [Pet][Manager] stopped pet "pet-88" (remaining=18)
2026/07/12 21:50:13 [Pet][Manager] stopped pet "pet-41" (remaining=72)
2026/07/12 21:50:13 [Pet][Manager] stopped pet "pet-93" (remaining=15)
2026/07/12 21:50:13 [Pet][Manager] stopped pet "pet-95" (remaining=14)
2026/07/12 21:50:13 [Pet][Manager] stopped pet "pet-79" (remaining=12)
2026/07/12 21:50:13 [Pet][Manager] stopped pet "pet-98" (remaining=16)
2026/07/12 21:50:13 [Pet][Manager] stopped pet "pet-43" (remaining=8)
2026/07/12 21:50:13 [Pet][Manager] stopped pet "pet-60" (remaining=11)
2026/07/12 21:50:13 [Pet][Manager] stopped pet "pet-97" (remaining=5)
2026/07/12 21:50:13 [Pet][Manager] stopped pet "pet-94" (remaining=4)
2026/07/12 21:50:13 [Pet][Manager] stopped pet "pet-90" (remaining=3)
2026/07/12 21:50:13 [Pet][Manager] stopped pet "pet-42" (remaining=71)
2026/07/12 21:50:13 [Pet][Manager] stopped pet "pet-92" (remaining=1)
2026/07/12 21:50:13 [Pet][Manager] stopped pet "pet-28" (remaining=0)
2026/07/12 21:50:13 [Pet][Manager] stopped pet "pet-34" (remaining=70)
2026/07/12 21:50:13 [Pet][Manager] stopped pet "pet-11" (remaining=67)
2026/07/12 21:50:13 [Pet][Manager] stopped pet "pet-12" (remaining=65)
2026/07/12 21:50:13 [Pet][Manager] stopped pet "pet-51" (remaining=64)
2026/07/12 21:50:13 [Pet][Manager] stopped pet "pet-46" (remaining=62)
2026/07/12 21:50:13 [Pet][Manager] stopped pet "pet-47" (remaining=61)
2026/07/12 21:50:13 [Pet][Manager] stopped pet "pet-48" (remaining=59)
2026/07/12 21:50:13 [Pet][Manager] stopped pet "pet-49" (remaining=58)
2026/07/12 21:50:13 [Pet][Manager] stopped pet "pet-14" (remaining=57)
2026/07/12 21:50:13 [Pet][Manager] stopped pet "pet-52" (remaining=56)
2026/07/12 21:50:13 [Pet][Manager] stopped pet "pet-53" (remaining=54)
2026/07/12 21:50:13 [Pet][Manager] stopped pet "pet-50" (remaining=53)
2026/07/12 21:50:13 [Pet][Manager] stopped pet "pet-54" (remaining=52)
2026/07/12 21:50:13 [Pet][Manager] stopped pet "pet-25" (remaining=51)
2026/07/12 21:50:13 [Pet][Manager] stopped pet "pet-38" (remaining=50)
2026/07/12 21:50:13 [Pet][Manager] stopped pet "pet-55" (remaining=49)
2026/07/12 21:50:13 [Pet][Manager] stopped pet "pet-35" (remaining=48)
2026/07/12 21:50:13 [Pet][Manager] stopped pet "pet-56" (remaining=47)
2026/07/12 21:50:13 [Pet][Manager] stopped pet "pet-77" (remaining=46)
2026/07/12 21:50:13 [Pet][Manager] stopped pet "pet-30" (remaining=45)
2026/07/12 21:50:13 [Pet][Manager] stopped pet "pet-57" (remaining=44)
2026/07/12 21:50:13 [Pet][Manager] stopped pet "pet-63" (remaining=43)
2026/07/12 21:50:13 [Pet][Manager] stopped pet "pet-7" (remaining=76)
2026/07/12 21:50:13 [Pet][Manager] stopped pet "pet-8" (remaining=74)
2026/07/12 21:50:13 [Pet][Manager] stopped pet "pet-64" (remaining=38)
2026/07/12 21:50:13 [Pet][Manager] stopped pet "pet-65" (remaining=36)
2026/07/12 21:50:13 [Pet][Manager] stopped pet "pet-71" (remaining=34)
2026/07/12 21:50:13 [Pet][Manager] stopped pet "pet-67" (remaining=33)
2026/07/12 21:50:13 [Pet][Manager] stopped pet "pet-66" (remaining=31)
2026/07/12 21:50:13 [Pet][Manager] stopped pet "pet-82" (remaining=30)
2026/07/12 21:50:13 [Pet][Manager] stopped pet "pet-45" (remaining=29)
2026/07/12 21:50:13 [Pet][Manager] stopped pet "pet-74" (remaining=28)
2026/07/12 21:50:13 [Pet][Manager] stopped pet "pet-85" (remaining=27)
2026/07/12 21:50:13 [Pet][Manager] stopped pet "pet-72" (remaining=24)
2026/07/12 21:50:13 [Pet][Manager] stopped pet "pet-86" (remaining=22)
2026/07/12 21:50:13 [Pet][Manager] stopped pet "pet-87" (remaining=21)
2026/07/12 21:50:13 [Pet][Manager] stopped pet "pet-58" (remaining=20)
2026/07/12 21:50:13 [Pet][Manager] stopped pet "pet-76" (remaining=18)
2026/07/12 21:50:13 [Pet][Manager] stopped pet "pet-78" (remaining=17)
2026/07/12 21:50:13 [Pet][Manager] stopped pet "pet-59" (remaining=13)
2026/07/12 21:50:13 [Pet][Manager] stopped pet "pet-80" (remaining=10)
2026/07/12 21:50:13 [Pet][Manager] stopped pet "pet-89" (remaining=7)
2026/07/12 21:50:13 [Pet][Manager] stopped pet "pet-96" (remaining=6)
2026/07/12 21:50:13 [Pet][Manager] stopped pet "pet-68" (remaining=9)
2026/07/12 21:50:13 [Pet][Manager] stopped pet "pet-91" (remaining=2)
--- PASS: TestRegression_PetManagerStress (0.00s)
=== RUN   TestRegression_StopIdempotent
2026/07/12 21:50:13 [Pet] Stop: begin
2026/07/12 21:50:13 [Pet] engine thread: started
2026/07/12 21:50:13 [Pet] Stop: stopCh closed
2026/07/12 21:50:13 [Engine] cleanup enqueued via PostCritical (will run in run() drain)
2026/07/12 21:50:13 [Engine] cleanup executing (behavior.Stop + plugins.StopAll + sched.Stop)
2026/07/12 21:50:13 [Pet] engine thread: stopCh received, draining commands then returning
2026/07/12 21:50:13 [Pet] Stop: behavior stopped
2026/07/12 21:50:13 [Pet] Stop: waiting for engine thread...
2026/07/12 21:50:13 [Pet] engine thread: drained 0 pending commands
2026/07/12 21:50:13 [Pet] engine thread: exited
2026/07/12 21:50:16 [Pet] Stop: engine thread TIMEOUT - forcing exit (avoid deadlock)
2026/07/12 21:50:16 [Pet] Stop: closing window...
2026/07/12 21:50:16 [Pet] Stop: window is nil, skip Close
2026/07/12 21:50:16 [Pet] Stop: resources released, state=Stopped, done
2026/07/12 21:50:16 [Pet][Dump] Engine state=Stopped | Scheduler=false | Behavior=false | Plugins=0 | Animations=false | FSM=false | Window Alive=false | HWND=0
2026/07/12 21:50:16 [Pet] Stop: begin
2026/07/12 21:50:16 [Pet] Stop: not Running (state=Stopped), skip
2026/07/12 21:50:16 [Pet] Stop: begin
2026/07/12 21:50:16 [Pet] Stop: not Running (state=Stopped), skip
2026/07/12 21:50:16 [Pet] Stop: begin
2026/07/12 21:50:16 [Pet] Stop: not Running (state=Stopped), skip
2026/07/12 21:50:16 [Pet] Stop: begin
2026/07/12 21:50:16 [Pet] Stop: not Running (state=Stopped), skip
2026/07/12 21:50:16 [Pet] Stop: begin
2026/07/12 21:50:16 [Pet] Stop: not Running (state=Stopped), skip
--- PASS: TestRegression_StopIdempotent (3.00s)
=== RUN   TestRegression_PostCriticalDuringShutdown
2026/07/12 21:50:16 [Pet] Start: engine thread launched
2026/07/12 21:50:16 [Pet] engine thread: started
2026/07/12 21:50:16 [Pet] engine thread: started
2026/07/12 21:50:16 [Pet] Start: showing window, starting animation & behavior
2026/07/12 21:50:16 [Pet][FATAL] engine thread panic recovered: runtime error: invalid memory address or nil pointer dereference
2026/07/12 21:50:16 [Pet] engine thread: exited
2026/07/12 21:50:16 [Pet][FATAL] engine thread panic recovered: runtime error: invalid memory address or nil pointer dereference
2026/07/12 21:50:16 [Pet] engine thread: exited
2026/07/12 21:50:16 [Pet] Stop: begin
2026/07/12 21:50:16 [Pet] Stop: not Running (state=Stopping), skip
--- PASS: TestRegression_PostCriticalDuringShutdown (0.10s)
=== RUN   TestRegression_PetManagerStopNonexistent
--- PASS: TestRegression_PetManagerStopNonexistent (0.00s)
=== RUN   TestRegression_PetManagerDuplicateRegister
2026/07/12 21:50:16 [Pet][Manager] registered pet "test" (total=1)
2026/07/12 21:50:16 [Pet][Manager] register rejected: petID "test" already exists
--- PASS: TestRegression_PetManagerDuplicateRegister (0.00s)
=== RUN   TestRegression_PostNilSafety
--- PASS: TestRegression_PostNilSafety (0.00s)
=== RUN   TestRegression_RapidStartStop
2026/07/12 21:50:16 [Pet] Stop: begin
2026/07/12 21:50:16 [Pet] Stop: stopCh closed
2026/07/12 21:50:16 [Engine] cleanup enqueued via PostCritical (will run in run() drain)
2026/07/12 21:50:16 [Pet] engine thread: started
2026/07/12 21:50:16 [Pet] engine thread: stopCh received, draining commands then returning
2026/07/12 21:50:16 [Engine] cleanup executing (behavior.Stop + plugins.StopAll + sched.Stop)
2026/07/12 21:50:16 [Pet] engine thread: drained 5 pending commands
2026/07/12 21:50:16 [Pet] engine thread: exited
2026/07/12 21:50:16 [Pet] Stop: behavior stopped
2026/07/12 21:50:16 [Pet] Stop: waiting for engine thread...
2026/07/12 21:50:16 [Pet] Stop: engine thread exited
2026/07/12 21:50:16 [Pet] Stop: closing window...
2026/07/12 21:50:16 [Pet] Stop: window is nil, skip Close
2026/07/12 21:50:16 [Pet] Stop: resources released, state=Stopped, done
2026/07/12 21:50:16 [Pet][Dump] Engine state=Stopped | Scheduler=false | Behavior=false | Plugins=0 | Animations=false | FSM=false | Window Alive=false | HWND=0
2026/07/12 21:50:16 [Pet] Stop: begin
2026/07/12 21:50:16 [Pet] Stop: stopCh closed
2026/07/12 21:50:16 [Engine] cleanup enqueued via PostCritical (will run in run() drain)
2026/07/12 21:50:16 [Pet] engine thread: started
2026/07/12 21:50:16 [Pet] engine thread: stopCh received, draining commands then returning
2026/07/12 21:50:16 [Engine] cleanup executing (behavior.Stop + plugins.StopAll + sched.Stop)
2026/07/12 21:50:16 [Pet] engine thread: drained 4 pending commands
2026/07/12 21:50:16 [Pet] engine thread: exited
2026/07/12 21:50:16 [Pet] Stop: behavior stopped
2026/07/12 21:50:16 [Pet] Stop: waiting for engine thread...
2026/07/12 21:50:16 [Pet] Stop: engine thread exited
2026/07/12 21:50:16 [Pet] Stop: closing window...
2026/07/12 21:50:16 [Pet] Stop: window is nil, skip Close
2026/07/12 21:50:16 [Pet] Stop: resources released, state=Stopped, done
2026/07/12 21:50:16 [Pet][Dump] Engine state=Stopped | Scheduler=false | Behavior=false | Plugins=0 | Animations=false | FSM=false | Window Alive=false | HWND=0
2026/07/12 21:50:16 [Pet] Stop: begin
2026/07/12 21:50:16 [Pet] Stop: stopCh closed
2026/07/12 21:50:16 [Engine] cleanup enqueued via PostCritical (will run in run() drain)
2026/07/12 21:50:16 [Pet] engine thread: started
2026/07/12 21:50:16 [Pet] engine thread: stopCh received, draining commands then returning
2026/07/12 21:50:16 [Engine] cleanup executing (behavior.Stop + plugins.StopAll + sched.Stop)
2026/07/12 21:50:16 [Pet] engine thread: drained 6 pending commands
2026/07/12 21:50:16 [Pet] engine thread: exited
2026/07/12 21:50:16 [Pet] Stop: behavior stopped
2026/07/12 21:50:16 [Pet] Stop: waiting for engine thread...
2026/07/12 21:50:16 [Pet] Stop: engine thread exited
2026/07/12 21:50:16 [Pet] Stop: closing window...
2026/07/12 21:50:16 [Pet] Stop: window is nil, skip Close
2026/07/12 21:50:16 [Pet] Stop: resources released, state=Stopped, done
2026/07/12 21:50:16 [Pet][Dump] Engine state=Stopped | Scheduler=false | Behavior=false | Plugins=0 | Animations=false | FSM=false | Window Alive=false | HWND=0
2026/07/12 21:50:16 [Pet] Stop: begin
2026/07/12 21:50:16 [Pet] Stop: stopCh closed
2026/07/12 21:50:16 [Engine] cleanup enqueued via PostCritical (will run in run() drain)
2026/07/12 21:50:16 [Pet] engine thread: started
2026/07/12 21:50:16 [Pet] engine thread: stopCh received, draining commands then returning
2026/07/12 21:50:16 [Engine] cleanup executing (behavior.Stop + plugins.StopAll + sched.Stop)
2026/07/12 21:50:16 [Pet] engine thread: drained 6 pending commands
2026/07/12 21:50:16 [Pet] engine thread: exited
2026/07/12 21:50:16 [Pet] Stop: behavior stopped
2026/07/12 21:50:16 [Pet] Stop: waiting for engine thread...
2026/07/12 21:50:16 [Pet] Stop: engine thread exited
2026/07/12 21:50:16 [Pet] Stop: closing window...
2026/07/12 21:50:16 [Pet] Stop: window is nil, skip Close
2026/07/12 21:50:16 [Pet] Stop: resources released, state=Stopped, done
2026/07/12 21:50:16 [Pet][Dump] Engine state=Stopped | Scheduler=false | Behavior=false | Plugins=0 | Animations=false | FSM=false | Window Alive=false | HWND=0
2026/07/12 21:50:16 [Pet] Stop: begin
2026/07/12 21:50:16 [Pet] Stop: stopCh closed
2026/07/12 21:50:16 [Engine] cleanup enqueued via PostCritical (will run in run() drain)
2026/07/12 21:50:16 [Pet] engine thread: started
2026/07/12 21:50:16 [Pet] engine thread: stopCh received, draining commands then returning
2026/07/12 21:50:16 [Engine] cleanup executing (behavior.Stop + plugins.StopAll + sched.Stop)
2026/07/12 21:50:16 [Pet] engine thread: drained 6 pending commands
2026/07/12 21:50:16 [Pet] engine thread: exited
2026/07/12 21:50:16 [Pet] Stop: behavior stopped
2026/07/12 21:50:16 [Pet] Stop: waiting for engine thread...
2026/07/12 21:50:16 [Pet] Stop: engine thread exited
2026/07/12 21:50:16 [Pet] Stop: closing window...
2026/07/12 21:50:16 [Pet] Stop: window is nil, skip Close
2026/07/12 21:50:16 [Pet] Stop: resources released, state=Stopped, done
2026/07/12 21:50:16 [Pet][Dump] Engine state=Stopped | Scheduler=false | Behavior=false | Plugins=0 | Animations=false | FSM=false | Window Alive=false | HWND=0
2026/07/12 21:50:16 [Pet] Stop: begin
2026/07/12 21:50:16 [Pet] Stop: stopCh closed
2026/07/12 21:50:16 [Engine] cleanup enqueued via PostCritical (will run in run() drain)
2026/07/12 21:50:16 [Pet] engine thread: started
2026/07/12 21:50:16 [Pet] engine thread: stopCh received, draining commands then returning
2026/07/12 21:50:16 [Engine] cleanup executing (behavior.Stop + plugins.StopAll + sched.Stop)
2026/07/12 21:50:16 [Pet] engine thread: drained 6 pending commands
2026/07/12 21:50:16 [Pet] engine thread: exited
2026/07/12 21:50:16 [Pet] Stop: behavior stopped
2026/07/12 21:50:16 [Pet] Stop: waiting for engine thread...
2026/07/12 21:50:16 [Pet] Stop: engine thread exited
2026/07/12 21:50:16 [Pet] Stop: closing window...
2026/07/12 21:50:16 [Pet] Stop: window is nil, skip Close
2026/07/12 21:50:16 [Pet] Stop: resources released, state=Stopped, done
2026/07/12 21:50:16 [Pet][Dump] Engine state=Stopped | Scheduler=false | Behavior=false | Plugins=0 | Animations=false | FSM=false | Window Alive=false | HWND=0
2026/07/12 21:50:16 [Pet] Stop: begin
2026/07/12 21:50:16 [Pet] Stop: stopCh closed
2026/07/12 21:50:16 [Engine] cleanup enqueued via PostCritical (will run in run() drain)
2026/07/12 21:50:16 [Pet] engine thread: started
2026/07/12 21:50:16 [Pet] engine thread: stopCh received, draining commands then returning
2026/07/12 21:50:16 [Engine] cleanup executing (behavior.Stop + plugins.StopAll + sched.Stop)
2026/07/12 21:50:16 [Pet] engine thread: drained 2 pending commands
2026/07/12 21:50:16 [Pet] engine thread: exited
2026/07/12 21:50:16 [Pet] Stop: behavior stopped
2026/07/12 21:50:16 [Pet] Stop: waiting for engine thread...
2026/07/12 21:50:16 [Pet] Stop: engine thread exited
2026/07/12 21:50:16 [Pet] Stop: closing window...
2026/07/12 21:50:16 [Pet] Stop: window is nil, skip Close
2026/07/12 21:50:16 [Pet] Stop: resources released, state=Stopped, done
2026/07/12 21:50:16 [Pet][Dump] Engine state=Stopped | Scheduler=false | Behavior=false | Plugins=0 | Animations=false | FSM=false | Window Alive=false | HWND=0
2026/07/12 21:50:16 [Pet] Stop: begin
2026/07/12 21:50:16 [Pet] Stop: stopCh closed
2026/07/12 21:50:16 [Engine] cleanup enqueued via PostCritical (will run in run() drain)
2026/07/12 21:50:16 [Pet] engine thread: started
2026/07/12 21:50:16 [Pet] engine thread: stopCh received, draining commands then returning
2026/07/12 21:50:16 [Engine] cleanup executing (behavior.Stop + plugins.StopAll + sched.Stop)
2026/07/12 21:50:16 [Pet] engine thread: drained 6 pending commands
2026/07/12 21:50:16 [Pet] engine thread: exited
2026/07/12 21:50:16 [Pet] Stop: behavior stopped
2026/07/12 21:50:16 [Pet] Stop: waiting for engine thread...
2026/07/12 21:50:16 [Pet] Stop: engine thread exited
2026/07/12 21:50:16 [Pet] Stop: closing window...
2026/07/12 21:50:16 [Pet] Stop: window is nil, skip Close
2026/07/12 21:50:16 [Pet] Stop: resources released, state=Stopped, done
2026/07/12 21:50:16 [Pet][Dump] Engine state=Stopped | Scheduler=false | Behavior=false | Plugins=0 | Animations=false | FSM=false | Window Alive=false | HWND=0
2026/07/12 21:50:16 [Pet] Stop: begin
2026/07/12 21:50:16 [Pet] Stop: stopCh closed
2026/07/12 21:50:16 [Engine] cleanup enqueued via PostCritical (will run in run() drain)
2026/07/12 21:50:16 [Pet] engine thread: started
2026/07/12 21:50:16 [Pet] engine thread: stopCh received, draining commands then returning
2026/07/12 21:50:16 [Engine] cleanup executing (behavior.Stop + plugins.StopAll + sched.Stop)
2026/07/12 21:50:16 [Pet] engine thread: drained 5 pending commands
2026/07/12 21:50:16 [Pet] engine thread: exited
2026/07/12 21:50:16 [Pet] Stop: behavior stopped
2026/07/12 21:50:16 [Pet] Stop: waiting for engine thread...
2026/07/12 21:50:16 [Pet] Stop: engine thread exited
2026/07/12 21:50:16 [Pet] Stop: closing window...
2026/07/12 21:50:16 [Pet] Stop: window is nil, skip Close
2026/07/12 21:50:16 [Pet] Stop: resources released, state=Stopped, done
2026/07/12 21:50:16 [Pet][Dump] Engine state=Stopped | Scheduler=false | Behavior=false | Plugins=0 | Animations=false | FSM=false | Window Alive=false | HWND=0
2026/07/12 21:50:16 [Pet] Stop: begin
2026/07/12 21:50:16 [Pet] Stop: stopCh closed
2026/07/12 21:50:16 [Engine] cleanup enqueued via PostCritical (will run in run() drain)
2026/07/12 21:50:16 [Pet] engine thread: started
2026/07/12 21:50:16 [Pet] engine thread: stopCh received, draining commands then returning
2026/07/12 21:50:16 [Engine] cleanup executing (behavior.Stop + plugins.StopAll + sched.Stop)
2026/07/12 21:50:16 [Pet] engine thread: drained 4 pending commands
2026/07/12 21:50:16 [Pet] engine thread: exited
2026/07/12 21:50:16 [Pet] Stop: behavior stopped
2026/07/12 21:50:16 [Pet] Stop: waiting for engine thread...
2026/07/12 21:50:16 [Pet] Stop: engine thread exited
2026/07/12 21:50:16 [Pet] Stop: closing window...
2026/07/12 21:50:16 [Pet] Stop: window is nil, skip Close
2026/07/12 21:50:16 [Pet] Stop: resources released, state=Stopped, done
2026/07/12 21:50:16 [Pet][Dump] Engine state=Stopped | Scheduler=false | Behavior=false | Plugins=0 | Animations=false | FSM=false | Window Alive=false | HWND=0
2026/07/12 21:50:16 [Pet] Stop: begin
2026/07/12 21:50:16 [Pet] Stop: stopCh closed
2026/07/12 21:50:16 [Engine] cleanup enqueued via PostCritical (will run in run() drain)
2026/07/12 21:50:16 [Pet] engine thread: started
2026/07/12 21:50:16 [Pet] engine thread: stopCh received, draining commands then returning
2026/07/12 21:50:16 [Engine] cleanup executing (behavior.Stop + plugins.StopAll + sched.Stop)
2026/07/12 21:50:16 [Pet] engine thread: drained 5 pending commands
2026/07/12 21:50:16 [Pet] engine thread: exited
2026/07/12 21:50:16 [Pet] Stop: behavior stopped
2026/07/12 21:50:16 [Pet] Stop: waiting for engine thread...
2026/07/12 21:50:16 [Pet] Stop: engine thread exited
2026/07/12 21:50:16 [Pet] Stop: closing window...
2026/07/12 21:50:16 [Pet] Stop: window is nil, skip Close
2026/07/12 21:50:16 [Pet] Stop: resources released, state=Stopped, done
2026/07/12 21:50:16 [Pet][Dump] Engine state=Stopped | Scheduler=false | Behavior=false | Plugins=0 | Animations=false | FSM=false | Window Alive=false | HWND=0
2026/07/12 21:50:16 [Pet] Stop: begin
2026/07/12 21:50:16 [Pet] Stop: stopCh closed
2026/07/12 21:50:16 [Engine] cleanup enqueued via PostCritical (will run in run() drain)
2026/07/12 21:50:16 [Pet] engine thread: started
2026/07/12 21:50:16 [Pet] engine thread: stopCh received, draining commands then returning
2026/07/12 21:50:16 [Engine] cleanup executing (behavior.Stop + plugins.StopAll + sched.Stop)
2026/07/12 21:50:16 [Pet] engine thread: drained 3 pending commands
2026/07/12 21:50:16 [Pet] engine thread: exited
2026/07/12 21:50:16 [Pet] Stop: behavior stopped
2026/07/12 21:50:16 [Pet] Stop: waiting for engine thread...
2026/07/12 21:50:16 [Pet] Stop: engine thread exited
2026/07/12 21:50:16 [Pet] Stop: closing window...
2026/07/12 21:50:16 [Pet] Stop: window is nil, skip Close
2026/07/12 21:50:16 [Pet] Stop: resources released, state=Stopped, done
2026/07/12 21:50:16 [Pet][Dump] Engine state=Stopped | Scheduler=false | Behavior=false | Plugins=0 | Animations=false | FSM=false | Window Alive=false | HWND=0
2026/07/12 21:50:16 [Pet] Stop: begin
2026/07/12 21:50:16 [Pet] Stop: stopCh closed
2026/07/12 21:50:16 [Engine] cleanup enqueued via PostCritical (will run in run() drain)
2026/07/12 21:50:16 [Pet] engine thread: started
2026/07/12 21:50:16 [Pet] engine thread: stopCh received, draining commands then returning
2026/07/12 21:50:16 [Engine] cleanup executing (behavior.Stop + plugins.StopAll + sched.Stop)
2026/07/12 21:50:16 [Pet] engine thread: drained 4 pending commands
2026/07/12 21:50:16 [Pet] engine thread: exited
2026/07/12 21:50:16 [Pet] Stop: behavior stopped
2026/07/12 21:50:16 [Pet] Stop: waiting for engine thread...
2026/07/12 21:50:16 [Pet] Stop: engine thread exited
2026/07/12 21:50:16 [Pet] Stop: closing window...
2026/07/12 21:50:16 [Pet] Stop: window is nil, skip Close
2026/07/12 21:50:16 [Pet] Stop: resources released, state=Stopped, done
2026/07/12 21:50:16 [Pet][Dump] Engine state=Stopped | Scheduler=false | Behavior=false | Plugins=0 | Animations=false | FSM=false | Window Alive=false | HWND=0
2026/07/12 21:50:16 [Pet] Stop: begin
2026/07/12 21:50:16 [Pet] Stop: stopCh closed
2026/07/12 21:50:16 [Engine] cleanup enqueued via PostCritical (will run in run() drain)
2026/07/12 21:50:16 [Pet] engine thread: started
2026/07/12 21:50:16 [Pet] engine thread: stopCh received, draining commands then returning
2026/07/12 21:50:16 [Engine] cleanup executing (behavior.Stop + plugins.StopAll + sched.Stop)
2026/07/12 21:50:16 [Pet] engine thread: drained 5 pending commands
2026/07/12 21:50:16 [Pet] engine thread: exited
2026/07/12 21:50:16 [Pet] Stop: behavior stopped
2026/07/12 21:50:16 [Pet] Stop: waiting for engine thread...
2026/07/12 21:50:16 [Pet] Stop: engine thread exited
2026/07/12 21:50:16 [Pet] Stop: closing window...
2026/07/12 21:50:16 [Pet] Stop: window is nil, skip Close
2026/07/12 21:50:16 [Pet] Stop: resources released, state=Stopped, done
2026/07/12 21:50:16 [Pet][Dump] Engine state=Stopped | Scheduler=false | Behavior=false | Plugins=0 | Animations=false | FSM=false | Window Alive=false | HWND=0
2026/07/12 21:50:16 [Pet] Stop: begin
2026/07/12 21:50:16 [Pet] Stop: stopCh closed
2026/07/12 21:50:16 [Engine] cleanup enqueued via PostCritical (will run in run() drain)
2026/07/12 21:50:16 [Pet] engine thread: started
2026/07/12 21:50:16 [Pet] engine thread: stopCh received, draining commands then returning
2026/07/12 21:50:16 [Engine] cleanup executing (behavior.Stop + plugins.StopAll + sched.Stop)
2026/07/12 21:50:16 [Pet] engine thread: drained 6 pending commands
2026/07/12 21:50:16 [Pet] engine thread: exited
2026/07/12 21:50:16 [Pet] Stop: behavior stopped
2026/07/12 21:50:16 [Pet] Stop: waiting for engine thread...
2026/07/12 21:50:16 [Pet] Stop: engine thread exited
2026/07/12 21:50:16 [Pet] Stop: closing window...
2026/07/12 21:50:16 [Pet] Stop: window is nil, skip Close
2026/07/12 21:50:16 [Pet] Stop: resources released, state=Stopped, done
2026/07/12 21:50:16 [Pet][Dump] Engine state=Stopped | Scheduler=false | Behavior=false | Plugins=0 | Animations=false | FSM=false | Window Alive=false | HWND=0
2026/07/12 21:50:16 [Pet] Stop: begin
2026/07/12 21:50:16 [Pet] Stop: stopCh closed
2026/07/12 21:50:16 [Engine] cleanup enqueued via PostCritical (will run in run() drain)
2026/07/12 21:50:16 [Pet] engine thread: started
2026/07/12 21:50:16 [Pet] engine thread: stopCh received, draining commands then returning
2026/07/12 21:50:16 [Engine] cleanup executing (behavior.Stop + plugins.StopAll + sched.Stop)
2026/07/12 21:50:16 [Pet] engine thread: drained 6 pending commands
2026/07/12 21:50:16 [Pet] engine thread: exited
2026/07/12 21:50:16 [Pet] Stop: behavior stopped
2026/07/12 21:50:16 [Pet] Stop: waiting for engine thread...
2026/07/12 21:50:16 [Pet] Stop: engine thread exited
2026/07/12 21:50:16 [Pet] Stop: closing window...
2026/07/12 21:50:16 [Pet] Stop: window is nil, skip Close
2026/07/12 21:50:16 [Pet] Stop: resources released, state=Stopped, done
2026/07/12 21:50:16 [Pet][Dump] Engine state=Stopped | Scheduler=false | Behavior=false | Plugins=0 | Animations=false | FSM=false | Window Alive=false | HWND=0
2026/07/12 21:50:16 [Pet] Stop: begin
2026/07/12 21:50:16 [Pet] Stop: stopCh closed
2026/07/12 21:50:16 [Engine] cleanup enqueued via PostCritical (will run in run() drain)
2026/07/12 21:50:16 [Pet] engine thread: started
2026/07/12 21:50:16 [Pet] engine thread: stopCh received, draining commands then returning
2026/07/12 21:50:16 [Engine] cleanup executing (behavior.Stop + plugins.StopAll + sched.Stop)
2026/07/12 21:50:16 [Pet] engine thread: drained 6 pending commands
2026/07/12 21:50:16 [Pet] engine thread: exited
2026/07/12 21:50:16 [Pet] Stop: behavior stopped
2026/07/12 21:50:16 [Pet] Stop: waiting for engine thread...
2026/07/12 21:50:16 [Pet] Stop: engine thread exited
2026/07/12 21:50:16 [Pet] Stop: closing window...
2026/07/12 21:50:16 [Pet] Stop: window is nil, skip Close
2026/07/12 21:50:16 [Pet] Stop: resources released, state=Stopped, done
2026/07/12 21:50:16 [Pet][Dump] Engine state=Stopped | Scheduler=false | Behavior=false | Plugins=0 | Animations=false | FSM=false | Window Alive=false | HWND=0
2026/07/12 21:50:16 [Pet] Stop: begin
2026/07/12 21:50:16 [Pet] Stop: stopCh closed
2026/07/12 21:50:16 [Engine] cleanup enqueued via PostCritical (will run in run() drain)
2026/07/12 21:50:16 [Pet] engine thread: started
2026/07/12 21:50:16 [Pet] engine thread: stopCh received, draining commands then returning
2026/07/12 21:50:16 [Engine] cleanup executing (behavior.Stop + plugins.StopAll + sched.Stop)
2026/07/12 21:50:16 [Pet] engine thread: drained 4 pending commands
2026/07/12 21:50:16 [Pet] engine thread: exited
2026/07/12 21:50:16 [Pet] Stop: behavior stopped
2026/07/12 21:50:16 [Pet] Stop: waiting for engine thread...
2026/07/12 21:50:16 [Pet] Stop: engine thread exited
2026/07/12 21:50:16 [Pet] Stop: closing window...
2026/07/12 21:50:16 [Pet] Stop: window is nil, skip Close
2026/07/12 21:50:16 [Pet] Stop: resources released, state=Stopped, done
2026/07/12 21:50:16 [Pet][Dump] Engine state=Stopped | Scheduler=false | Behavior=false | Plugins=0 | Animations=false | FSM=false | Window Alive=false | HWND=0
2026/07/12 21:50:16 [Pet] Stop: begin
2026/07/12 21:50:16 [Pet] Stop: stopCh closed
2026/07/12 21:50:16 [Engine] cleanup enqueued via PostCritical (will run in run() drain)
2026/07/12 21:50:16 [Pet] engine thread: started
2026/07/12 21:50:16 [Pet] engine thread: stopCh received, draining commands then returning
2026/07/12 21:50:16 [Engine] cleanup executing (behavior.Stop + plugins.StopAll + sched.Stop)
2026/07/12 21:50:16 [Pet] engine thread: drained 5 pending commands
2026/07/12 21:50:16 [Pet] engine thread: exited
2026/07/12 21:50:16 [Pet] Stop: behavior stopped
2026/07/12 21:50:16 [Pet] Stop: waiting for engine thread...
2026/07/12 21:50:16 [Pet] Stop: engine thread exited
2026/07/12 21:50:16 [Pet] Stop: closing window...
2026/07/12 21:50:16 [Pet] Stop: window is nil, skip Close
2026/07/12 21:50:16 [Pet] Stop: resources released, state=Stopped, done
2026/07/12 21:50:16 [Pet][Dump] Engine state=Stopped | Scheduler=false | Behavior=false | Plugins=0 | Animations=false | FSM=false | Window Alive=false | HWND=0
2026/07/12 21:50:16 [Pet] Stop: begin
2026/07/12 21:50:16 [Pet] Stop: stopCh closed
2026/07/12 21:50:16 [Engine] cleanup enqueued via PostCritical (will run in run() drain)
2026/07/12 21:50:16 [Pet] engine thread: started
2026/07/12 21:50:16 [Pet] engine thread: stopCh received, draining commands then returning
2026/07/12 21:50:16 [Engine] cleanup executing (behavior.Stop + plugins.StopAll + sched.Stop)
2026/07/12 21:50:16 [Pet] engine thread: drained 6 pending commands
2026/07/12 21:50:16 [Pet] engine thread: exited
2026/07/12 21:50:16 [Pet] Stop: behavior stopped
2026/07/12 21:50:16 [Pet] Stop: waiting for engine thread...
2026/07/12 21:50:16 [Pet] Stop: engine thread exited
2026/07/12 21:50:16 [Pet] Stop: closing window...
2026/07/12 21:50:16 [Pet] Stop: window is nil, skip Close
2026/07/12 21:50:16 [Pet] Stop: resources released, state=Stopped, done
2026/07/12 21:50:16 [Pet][Dump] Engine state=Stopped | Scheduler=false | Behavior=false | Plugins=0 | Animations=false | FSM=false | Window Alive=false | HWND=0
--- PASS: TestRegression_RapidStartStop (0.00s)
=== RUN   TestRegression_MultiInstanceStop
2026/07/12 21:50:16 [Pet][Manager] registered pet "A" (total=1)
2026/07/12 21:50:16 [Pet][Manager] registered pet "B" (total=2)
2026/07/12 21:50:16 [Pet][Manager] registered pet "C" (total=3)
2026/07/12 21:50:16 [Pet][Manager] stopped pet "B" (remaining=2)
2026/07/12 21:50:16 [Pet][Manager] stopped pet "A"
2026/07/12 21:50:16 [Pet][Manager] stopped pet "C"
2026/07/12 21:50:16 [Pet][Manager] all pets stopped (count=2)
--- PASS: TestRegression_MultiInstanceStop (0.00s)
=== RUN   TestRegression_HighConcurrencyShutdown
2026/07/12 21:50:16 [Pet] engine thread: started
2026/07/12 21:50:16 [Pet][FATAL] engine thread panic recovered: runtime error: invalid memory address or nil pointer dereference
2026/07/12 21:50:16 [Pet] engine thread: exited
2026/07/12 21:50:16 [Pet] Stop: begin
2026/07/12 21:50:16 [Pet] Stop: stopCh closed
2026/07/12 21:50:16 [Pet] PostCritical: engine queue full, drop (caller must fallback)
2026/07/12 21:50:16 [Engine] PostCritical enqueue failed, running cleanup synchronously (fallback)
2026/07/12 21:50:16 [Engine] cleanup executing (behavior.Stop + plugins.StopAll + sched.Stop)
2026/07/12 21:50:16 [Pet] Stop: behavior stopped
2026/07/12 21:50:16 [Pet] Stop: waiting for engine thread...
2026/07/12 21:50:16 [Pet] Stop: engine thread exited
2026/07/12 21:50:16 [Pet] Stop: closing window...
2026/07/12 21:50:16 [Pet] Stop: window is nil, skip Close
2026/07/12 21:50:16 [Pet] Stop: resources released, state=Stopped, done
2026/07/12 21:50:16 [Pet][Dump] Engine state=Stopped | Scheduler=false | Behavior=false | Plugins=0 | Animations=false | FSM=false | Window Alive=false | HWND=0
--- PASS: TestRegression_HighConcurrencyShutdown (0.10s)
=== RUN   TestIntentDecider_AgentBusyStaysIdle
--- PASS: TestIntentDecider_AgentBusyStaysIdle (0.00s)
=== RUN   TestIntentDecider_ReviewingStaysIdle
--- PASS: TestIntentDecider_ReviewingStaysIdle (0.00s)
=== RUN   TestIntentDecider_InteractionCooldown
--- PASS: TestIntentDecider_InteractionCooldown (0.00s)
=== RUN   TestIntentDecider_IdleLongerFavorsRest
--- PASS: TestIntentDecider_IdleLongerFavorsRest (0.00s)
=== RUN   TestIntentDecider_AllIntentsReachable
--- PASS: TestIntentDecider_AllIntentsReachable (0.00s)
=== RUN   TestEmbeddedLoad
    loader_test.go:16: Embedded pet.json: id=nezukocoder, frame=192x208
    loader_test.go:26: Embedded spritesheet: 1536x1872
--- PASS: TestEmbeddedLoad (0.08s)
=== RUN   TestScanPetDir_Ready_Webp
2026/07/12 21:50:16 [Pet Scanner]   Found spritesheet: spritesheet.webp
2026/07/12 21:50:16 [Pet Scanner]   Status: ready (errors=0, warnings=0)
--- PASS: TestScanPetDir_Ready_Webp (0.00s)
=== RUN   TestScanPetDir_Ready_Png
2026/07/12 21:50:16 [Pet Scanner]   Found spritesheet: spritesheet.png
2026/07/12 21:50:16 [Pet Scanner]   Status: ready (errors=0, warnings=0)
--- PASS: TestScanPetDir_Ready_Png (0.00s)
=== RUN   TestScanPetDir_Warning_NoSprite
2026/07/12 21:50:16 [Pet Scanner]   MISSING spritesheet
2026/07/12 21:50:16 [Pet Scanner]   Status: broken (errors=1, warnings=0)
--- PASS: TestScanPetDir_Warning_NoSprite (0.00s)
=== RUN   TestScanPetDir_Broken_NoJson
--- PASS: TestScanPetDir_Broken_NoJson (0.00s)
=== RUN   TestScanPetDir_AutoDetect_Hero
2026/07/12 21:50:16 [Pet Scanner]   Found spritesheet: hero.webp
2026/07/12 21:50:16 [Pet Scanner]   Status: ready (errors=0, warnings=0)
--- PASS: TestScanPetDir_AutoDetect_Hero (0.00s)
=== RUN   TestScanPetDir_AutoDetect_Atlas
2026/07/12 21:50:16 [Pet Scanner]   Found spritesheet: atlas.png
2026/07/12 21:50:16 [Pet Scanner]   Status: ready (errors=0, warnings=0)
--- PASS: TestScanPetDir_AutoDetect_Atlas (0.00s)
=== RUN   TestScanPetDir_All
=== RUN   TestScanPetDir_All/Pet_A
2026/07/12 21:50:16 [Pet Scanner]   Found spritesheet: spritesheet.webp
2026/07/12 21:50:16 [Pet Scanner]   Status: ready (errors=0, warnings=0)
=== RUN   TestScanPetDir_All/Pet_B
2026/07/12 21:50:16 [Pet Scanner]   Found spritesheet: spritesheet.png
2026/07/12 21:50:16 [Pet Scanner]   Status: ready (errors=0, warnings=0)
=== RUN   TestScanPetDir_All/Pet_C
2026/07/12 21:50:16 [Pet Scanner]   MISSING spritesheet
2026/07/12 21:50:16 [Pet Scanner]   Status: broken (errors=1, warnings=0)
=== RUN   TestScanPetDir_All/Pet_D
=== RUN   TestScanPetDir_All/Pet_E
2026/07/12 21:50:16 [Pet Scanner]   Found spritesheet: hero.webp
2026/07/12 21:50:16 [Pet Scanner]   Status: ready (errors=0, warnings=0)
=== RUN   TestScanPetDir_All/Pet_F
2026/07/12 21:50:16 [Pet Scanner]   Found spritesheet: atlas.png
2026/07/12 21:50:16 [Pet Scanner]   Status: ready (errors=0, warnings=0)
--- PASS: TestScanPetDir_All (0.00s)
    --- PASS: TestScanPetDir_All/Pet_A (0.00s)
    --- PASS: TestScanPetDir_All/Pet_B (0.00s)
    --- PASS: TestScanPetDir_All/Pet_C (0.00s)
    --- PASS: TestScanPetDir_All/Pet_D (0.00s)
    --- PASS: TestScanPetDir_All/Pet_E (0.00s)
    --- PASS: TestScanPetDir_All/Pet_F (0.00s)
=== RUN   TestRepairDefaults
2026/07/12 21:50:16 [Pet Scanner]   Found spritesheet: hero.webp
2026/07/12 21:50:16 [Pet Scanner]   Status: ready (errors=0, warnings=0)
--- PASS: TestRepairDefaults (0.00s)
=== RUN   TestStatusString
--- PASS: TestStatusString (0.00s)
=== RUN   TestMotion_MoveToClampsToScreen
--- PASS: TestMotion_MoveToClampsToScreen (0.00s)
=== RUN   TestMotion_ConvergesToTarget
--- PASS: TestMotion_ConvergesToTarget (0.00s)
=== RUN   TestMotion_OnArriveFiresOnce
--- PASS: TestMotion_OnArriveFiresOnce (0.00s)
=== RUN   TestMotion_DisableStopsMovement
--- PASS: TestMotion_DisableStopsMovement (0.00s)
=== RUN   TestPluginManager_Lifecycle
2026/07/12 21:50:16 [Pet][Plugin] registered: greeter
2026/07/12 21:50:16 [Pet][Plugin] started 1 plugin(s)
2026/07/12 21:50:16 [Pet][Plugin] all plugins stopped
--- PASS: TestPluginManager_Lifecycle (0.00s)
=== RUN   TestPluginManager_DuplicateIgnored
2026/07/12 21:50:16 [Pet][Plugin] registered: dup
2026/07/12 21:50:16 [Pet][Plugin] started 1 plugin(s)
2026/07/12 21:50:16 [Pet][Plugin] all plugins stopped
--- PASS: TestPluginManager_DuplicateIgnored (0.00s)
=== RUN   TestStateMachine_TransitionTable
2026/07/12 21:50:16 [Pet] FSM: idle -> walking (interrupt=false)
2026/07/12 21:50:16 [Pet] FSM: walking -> idle (interrupt=false)
--- PASS: TestStateMachine_TransitionTable (0.00s)
=== RUN   TestStateMachine_InterruptReturnTo
2026/07/12 21:50:16 [Pet] FSM: idle -> sitting (force)
2026/07/12 21:50:16 [Pet] FSM: sitting -> dragging (interrupt=true)
2026/07/12 21:50:16 [Pet] FSM: dragging -> sitting (force)
--- PASS: TestStateMachine_InterruptReturnTo (0.00s)
=== RUN   TestStateMachine_TimeoutScheduled
2026/07/12 21:50:16 [Pet] FSM: idle -> tmp (force)
--- PASS: TestStateMachine_TimeoutScheduled (0.00s)
=== RUN   TestStateMachine_TimeoutStaleIgnored
2026/07/12 21:50:16 [Pet] FSM: idle -> tmp (force)
panic: test timed out after 2m0s
	running tests:
		TestStateMachine_TimeoutStaleIgnored (1m57s)

goroutine 481 [running]:
testing.(*M).startAlarm.func1()
	C:/Go/src/testing/testing.go:2682 +0x345
created by time.goFunc
	C:/Go/src/time/sleep.go:215 +0x2d

goroutine 1 [chan receive]:
testing.(*T).Run(0xc000003500, {0x7ff7ca53f2d6?, 0x7ff8840c4030?}, 0x7ff7ca793030)
	C:/Go/src/testing/testing.go:2005 +0x469
testing.runTests.func1(0xc000003500)
	C:/Go/src/testing/testing.go:2477 +0x37
testing.tRunner(0xc000003500, 0xc000061c70)
	C:/Go/src/testing/testing.go:1934 +0xc3
testing.runTests(0xc000008120, {0x7ff7ca925b60, 0x2d, 0x2d}, {0x7?, 0xc0000748c0?, 0x7ff7ca929e20?})
	C:/Go/src/testing/testing.go:2475 +0x4b4
testing.(*M).Run(0xc000076140)
	C:/Go/src/testing/testing.go:2337 +0x63a
main.main()
	_testmain.go:133 +0x9b

goroutine 480 [sync.Mutex.Lock]:
internal/sync.runtime_SemacquireMutex(0x7ff7ca8e0c48?, 0x2d?, 0xc000667e00?)
	C:/Go/src/runtime/sema.go:95 +0x25
internal/sync.(*Mutex).lockSlow(0xc0000a1508)
	C:/Go/src/internal/sync/mutex.go:149 +0x15d
internal/sync.(*Mutex).Lock(...)
	C:/Go/src/internal/sync/mutex.go:70
sync.(*Mutex).Lock(...)
	C:/Go/src/sync/mutex.go:46
sync.(*RWMutex).Lock(0x18?)
	C:/Go/src/sync/rwmutex.go:150 +0x32
cursor/internal/pet.(*StateMachine).scheduleTimeoutLocked.func1()
	e:/cursor-byok-main/internal/pet/statemachine.go:189 +0x34
cursor/internal/pet.TestStateMachine_TimeoutStaleIgnored.func1(0x10?, 0xc000667e08?)
	e:/cursor-byok-main/internal/pet/statemachine_test.go:89 +0x12
cursor/internal/pet.(*StateMachine).scheduleTimeoutLocked(0xc0000a1500, 0xc000616780)
	e:/cursor-byok-main/internal/pet/statemachine.go:187 +0x95
cursor/internal/pet.(*StateMachine).ForceTransition(0xc0000a1500, 0xc000616780)
	e:/cursor-byok-main/internal/pet/statemachine.go:232 +0x1dd
cursor/internal/pet.TestStateMachine_TimeoutStaleIgnored(0xc00018e8c0?)
	e:/cursor-byok-main/internal/pet/statemachine_test.go:92 +0xa5
testing.tRunner(0xc00018e8c0, 0x7ff7ca793030)
	C:/Go/src/testing/testing.go:1934 +0xc3
created by testing.(*T).Run in goroutine 1
	C:/Go/src/testing/testing.go:1997 +0x44b

goroutine 244 [sync.WaitGroup.Wait, 1 minutes]:
sync.runtime_SemacquireWaitGroup(0xc0001391b0?, 0x20?)
	C:/Go/src/runtime/sema.go:114 +0x2e
sync.(*WaitGroup).Wait(0xc0003a4078)
	C:/Go/src/sync/waitgroup.go:206 +0x85
cursor/internal/pet.(*Engine).Stop.func2()
	e:/cursor-byok-main/internal/pet/engine.go:436 +0x26
created by cursor/internal/pet.(*Engine).Stop in goroutine 242
	e:/cursor-byok-main/internal/pet/engine.go:435 +0x5d7
FAIL	cursor/internal/pet	120.458s
FAIL
